2026-07-29 16:54:37,243 | INFO | Pipeline iniciado.
2026-07-29 16:54:37,243 | INFO | Consultando BrasilAPI...
2026-07-29 16:54:38,016 | ERROR | Erro durante o pipeline: 404 Client Error: Not Found for url: https://brasilapi.com.br/api/feriados/v1/9999
Traceback (most recent call last):
  File "c:\Users\nanda\Downloads\monitor-precos\src\services\coleta.py", line 14, in executar_pipeline
    dados = obter_feriados()
            ^^^^^^^^^^^^^^^^
  File "c:\Users\nanda\Downloads\monitor-precos\src\api\brasilapi.py", line 8, in obter_feriados
    resposta.raise_for_status()
  File "C:\Users\nanda\Downloads\monitor-precos\.venv\Lib\site-packages\requests\models.py", line 1167, in raise_for_status
    raise HTTPError(http_error_msg, response=self)
requests.exceptions.HTTPError: 404 Client Error: Not Found for url: https://brasilapi.com.br/api/feriados/v1/9999
2026-07-29 17:51:25,969 | INFO | Iniciando pipeline...
2026-07-29 17:51:26,033 | INFO | Pipeline finalizado.
2026-07-29 17:53:28,084 | INFO | Iniciando pipeline...
2026-07-29 17:53:28,149 | INFO | Pipeline finalizado.
2026-07-29 17:58:00,094 | INFO | Iniciando pipeline...
2026-07-29 17:58:00,126 | INFO | Pipeline finalizado.
2026-07-29 18:02:18,653 | INFO | Iniciando pipeline...
2026-07-29 18:02:18,705 | INFO | Pipeline finalizado.
2026-07-29 18:05:58,172 | INFO | Iniciando pipeline...
2026-07-29 18:05:58,198 | INFO | Pipeline finalizado.
2026-07-29 18:17:04,190 | INFO | Pipeline iniciado.
2026-07-29 18:17:46,025 | INFO | Pipeline iniciado.
2026-07-29 18:20:06,556 | INFO | Pipeline iniciado.
2026-07-29 18:22:19,465 | INFO | Pipeline iniciado.
2026-07-29 18:22:22,395 | INFO | 13 registros processados.
2026-07-29 18:22:22,395 | INFO | Pipeline finalizado.
